12:46:57 **** Incremental Build of configuration Debug for project lab1.2 ****
make -j4 all 
arm-none-eabi-gcc "../Core/Src/main.c" -mcpu=cortex-m4 -std=gnu11 -g3 -DDEBUG -DUSE_FULL_LL_DRIVER -DUSE_HAL_DRIVER -DSTM32G474xx -c -I../Core/Inc -I../Drivers/STM32G4xx_HAL_Driver/Inc -I../Drivers/STM32G4xx_HAL_Driver/Inc/Legacy -I../Drivers/CMSIS/Device/ST/STM32G4xx/Include -I../Drivers/CMSIS/Include -O0 -ffunction-sections -fdata-sections -Wall -fstack-usage -fcyclomatic-complexity -MMD -MP -MF"Core/Src/main.d" -MT"Core/Src/main.o" --specs=nano.specs -mfpu=fpv4-sp-d16 -mfloat-abi=hard -mthumb -o "Core/Src/main.o"
arm-none-eabi-gcc -o "lab1.2.elf" @"objects.list"   -mcpu=cortex-m4 -T"C:\Users\students\Desktop\Martin 68a\EMZ_2025_LAB\Lab_1\source\lab1.2\STM32G474RETX_FLASH.ld" --specs=nosys.specs -Wl,-Map="lab1.2.map" -Wl,--gc-sections -static --specs=nano.specs -mfpu=fpv4-sp-d16 -mfloat-abi=hard -mthumb -Wl,--start-group -lc -lm -Wl,--end-group
Finished building target: lab1.2.elf
 
arm-none-eabi-size  lab1.2.elf 
arm-none-eabi-objdump -h -S lab1.2.elf  > "lab1.2.list"
   text	   data	    bss	    dec	    hex	filename
  41844	     12	   3012	  44868	   af44	lab1.2.elf
Finished building: default.size.stdout
 
Finished building: lab1.2.list
 
12:47:01 **** Incremental Build of configuration Debug for project lab1.2 ****
make -j4 all 
arm-none-eabi-size  lab1.2.elf 
   text	   data	    bss	    dec	    hex	filename
  41844	     12	   3012	  44868	   af44	lab1.2.elf
Finished building: default.size.stdout
 
